[2026-01-10 14:35:53] [INFO] Launching interface module 'graphicInterface'
[2026-01-10 14:35:53] [INFO] Launching JavaFX GUI from modular runtime: ./modules/graphicInterface/runtime
[2026-01-10 14:35:54] [INFO] Listing modules with filter='', sort='name'
[2026-01-10 14:35:55] [INFO] antivirusChecker|tool|A module to check if an antivirus is installed and up to date.
[2026-01-10 14:35:55] [INFO] cliInterface|interface|A command-line interface for launching diagnostic tools like a hacker.
[2026-01-10 14:35:55] [INFO] cpuUsage|tool|A module to check CPU usage on the system.
[2026-01-10 14:35:55] [INFO] diskUsage|tool|A module to check disk usage on the system.
[2026-01-10 14:35:55] [INFO] exampleModule|tool|An example module for demonstration purposes.
[2026-01-10 14:35:55] [INFO] firewallChecker|tool|A module to check if the firewall is enabled and properly configured.
[2026-01-10 14:35:55] [INFO] graphicInterface|interface|A simple graphic interface to launch diagnostic tools with style.
[2026-01-10 14:35:55] [INFO] majChecker|tool|A module to check for software updates on the system.
[2026-01-10 14:35:55] [INFO] malwareScan|tool|A module to scan for malwares on the system.
[2026-01-10 14:35:55] [INFO] memoryUsage|tool|A module to check memory usage on the system.
[2026-01-10 14:35:55] [INFO] passwordChecker|tool|A module to check password
[2026-01-10 14:35:55] [INFO] privilegesChecker|tool|A module to check privilege
[2026-01-10 14:35:55] [INFO] usbChecker|tool|A module to check for unknown USB devices.
[2026-01-10 14:35:55] [INFO] wifiChecker|tool|A module to check network connections and provide security recommendations.
[2026-01-10 14:36:34] [INFO] JavaFX GUI finished successfully
[2026-01-10 14:36:34] [INFO] Finished interface module 'graphicInterface'
[2026-01-10 14:36:41] [INFO] Listing modules with filter='', sort='name'
[2026-01-10 14:36:41] [INFO] antivirusChecker|tool|A module to check if an antivirus is installed and up to date.
[2026-01-10 14:36:42] [INFO] cliInterface|interface|A command-line interface for launching diagnostic tools like a hacker.
[2026-01-10 14:36:42] [INFO] cpuUsage|tool|A module to check CPU usage on the system.
[2026-01-10 14:36:42] [INFO] diskUsage|tool|A module to check disk usage on the system.
[2026-01-10 14:36:42] [INFO] exampleModule|tool|An example module for demonstration purposes.
[2026-01-10 14:36:42] [INFO] firewallChecker|tool|A module to check if the firewall is enabled and properly configured.
[2026-01-10 14:36:42] [INFO] graphicInterface|interface|A simple graphic interface to launch diagnostic tools with style.
[2026-01-10 14:36:42] [INFO] majChecker|tool|A module to check for software updates on the system.
[2026-01-10 14:36:42] [INFO] malwareScan|tool|A module to scan for malwares on the system.
[2026-01-10 14:36:42] [INFO] memoryUsage|tool|A module to check memory usage on the system.
[2026-01-10 14:36:42] [INFO] passwordChecker|tool|A module to check password
[2026-01-10 14:36:42] [INFO] privilegesChecker|tool|A module to check privilege
[2026-01-10 14:36:42] [INFO] usbChecker|tool|A module to check for unknown USB devices.
[2026-01-10 14:36:42] [INFO] wifiChecker|tool|A module to check network connections and provide security recommendations.
[2026-01-10 14:37:00] [INFO] Listing modules with filter='', sort='name'
[2026-01-10 14:42:42] [INFO] Listing modules with filter='', sort='name'
[2026-01-10 14:42:43] [INFO] [
[2026-01-10 14:42:43] [INFO] {
[2026-01-10 14:42:43] [INFO] "name": "antivirusChecker",
[2026-01-10 14:42:43] [INFO] "version": "1.0",
[2026-01-10 14:42:43] [INFO] "type": "tool",
[2026-01-10 14:42:43] [INFO] "description": "A module to check if an antivirus is installed and up to date.",
[2026-01-10 14:42:43] [INFO] "author": "Nolhan BLANCHETIÈRE--DRÔLON"
[2026-01-10 14:42:43] [INFO] },
[2026-01-10 14:42:43] [INFO] {
[2026-01-10 14:42:43] [INFO] "name": "cliInterface",
[2026-01-10 14:42:43] [INFO] "version": "1.0",
[2026-01-10 14:42:43] [INFO] "type": "interface",
[2026-01-10 14:42:43] [INFO] "description": "A command-line interface for launching diagnostic tools like a hacker.",
[2026-01-10 14:42:43] [INFO] "author": "Célian Touzeau"
[2026-01-10 14:42:43] [INFO] },
[2026-01-10 14:42:43] [INFO] {
[2026-01-10 14:42:43] [INFO] "name": "cpuUsage",
[2026-01-10 14:42:43] [INFO] "version": "1.0",
[2026-01-10 14:42:43] [INFO] "type": "tool",
[2026-01-10 14:42:43] [INFO] "description": "A module to check CPU usage on the system.",
[2026-01-10 14:42:43] [INFO] "author": "Nolhan BLANCHETIÈRE--DRÔLON"
[2026-01-10 14:42:43] [INFO] },
[2026-01-10 14:42:43] [INFO] {
[2026-01-10 14:42:43] [INFO] "name": "diskUsage",
[2026-01-10 14:42:43] [INFO] "version": "1.0",
[2026-01-10 14:42:43] [INFO] "type": "tool",
[2026-01-10 14:42:43] [INFO] "description": "A module to check disk usage on the system.",
[2026-01-10 14:42:43] [INFO] "author": "Nolhan BLANCHETIÈRE--DRÔLON"
[2026-01-10 14:42:43] [INFO] },
[2026-01-10 14:42:43] [INFO] {
[2026-01-10 14:42:43] [INFO] "name": "exampleModule",
[2026-01-10 14:42:43] [INFO] "version": "1.0",
[2026-01-10 14:42:43] [INFO] "type": "tool",
[2026-01-10 14:42:43] [INFO] "description": "An example module for demonstration purposes.",
[2026-01-10 14:42:43] [INFO] "author": "Célian Touzeau"
[2026-01-10 14:42:43] [INFO] },
[2026-01-10 14:42:43] [INFO] {
[2026-01-10 14:42:43] [INFO] "name": "firewallChecker",
[2026-01-10 14:42:43] [INFO] "version": "1.0",
[2026-01-10 14:42:43] [INFO] "type": "tool",
[2026-01-10 14:42:43] [INFO] "description": "A module to check if the firewall is enabled and properly configured.",
[2026-01-10 14:42:43] [INFO] "author": "Nolhan BLANCHETIÈRE--DRÔLON"
[2026-01-10 14:42:43] [INFO] },
[2026-01-10 14:42:43] [INFO] {
[2026-01-10 14:42:43] [INFO] "name": "graphicInterface",
[2026-01-10 14:42:43] [INFO] "version": "1.0",
[2026-01-10 14:42:43] [INFO] "type": "interface",
[2026-01-10 14:42:43] [INFO] "description": "A simple graphic interface to launch diagnostic tools with style.",
[2026-01-10 14:42:43] [INFO] "author": "Célian Touzeau"
[2026-01-10 14:42:43] [INFO] },
[2026-01-10 14:42:43] [INFO] {
[2026-01-10 14:42:43] [INFO] "name": "majChecker",
[2026-01-10 14:42:43] [INFO] "version": "1.0",
[2026-01-10 14:42:43] [INFO] "type": "tool",
[2026-01-10 14:42:43] [INFO] "description": "A module to check for software updates on the system.",
[2026-01-10 14:42:43] [INFO] "author": "Célian Touzeau"
[2026-01-10 14:42:43] [INFO] },
[2026-01-10 14:42:43] [INFO] {
[2026-01-10 14:42:43] [INFO] "name": "malwareScan",
[2026-01-10 14:42:43] [INFO] "version": "1.0",
[2026-01-10 14:42:43] [INFO] "type": "tool",
[2026-01-10 14:42:43] [INFO] "description": "A module to scan for malwares on the system.",
[2026-01-10 14:42:43] [INFO] "author": "Nolhan BLANCHETIÈRE--DRÔLON"
[2026-01-10 14:42:43] [INFO] },
[2026-01-10 14:42:43] [INFO] {
[2026-01-10 14:42:43] [INFO] "name": "memoryUsage",
[2026-01-10 14:42:43] [INFO] "version": "1.0",
[2026-01-10 14:42:43] [INFO] "type": "tool",
[2026-01-10 14:42:43] [INFO] "description": "A module to check memory usage on the system.",
[2026-01-10 14:42:43] [INFO] "author": "Nolhan BLANCHETIÈRE--DRÔLON"
[2026-01-10 14:42:43] [INFO] },
[2026-01-10 14:42:43] [INFO] {
[2026-01-10 14:42:43] [INFO] "name": "passwordChecker",
[2026-01-10 14:42:43] [INFO] "version": "1.0",
[2026-01-10 14:42:43] [INFO] "type": "tool",
[2026-01-10 14:42:43] [INFO] "description": "A module to check password",
[2026-01-10 14:42:43] [INFO] "author": "yohan MONNOT"
[2026-01-10 14:42:43] [INFO] },
[2026-01-10 14:42:43] [INFO] {
[2026-01-10 14:42:43] [INFO] "name": "privilegesChecker",
[2026-01-10 14:42:43] [INFO] "version": "1.0",
[2026-01-10 14:42:43] [INFO] "type": "tool",
[2026-01-10 14:42:43] [INFO] "description": "A module to check privilege",
[2026-01-10 14:42:43] [INFO] "author": "yohan MONNOT"
[2026-01-10 14:42:43] [INFO] },
[2026-01-10 14:42:43] [INFO] {
[2026-01-10 14:42:43] [INFO] "name": "usbChecker",
[2026-01-10 14:42:43] [INFO] "version": "1.0",
[2026-01-10 14:42:43] [INFO] "type": "tool",
[2026-01-10 14:42:43] [INFO] "description": "A module to check for unknown USB devices.",
[2026-01-10 14:42:43] [INFO] "author": "Nolhan BLANCHETIÈRE--DRÔLON"
[2026-01-10 14:42:43] [INFO] },
[2026-01-10 14:42:43] [INFO] {
[2026-01-10 14:42:43] [INFO] "name": "wifiChecker",
[2026-01-10 14:42:43] [INFO] "version": "1.0",
[2026-01-10 14:42:43] [INFO] "type": "tool",
[2026-01-10 14:42:43] [INFO] "description": "A module to check network connections and provide security recommendations.",
[2026-01-10 14:42:43] [INFO] "author": "Nolhan BLANCHETIÈRE--DRÔLON"
[2026-01-10 14:42:43] [INFO] }
[2026-01-10 14:42:43] [INFO] ]
[2026-01-10 14:43:21] [INFO] Listing modules with filter='', sort='name'
[2026-01-10 14:43:53] [INFO] Listing modules with filter='', sort='name'
[2026-01-10 14:44:00] [INFO] Launching interface module 'graphicInterface'
[2026-01-10 14:44:00] [INFO] Launching JavaFX GUI from modular runtime: ./modules/graphicInterface/runtime
[2026-01-10 14:44:01] [INFO] Listing modules with filter='', sort='name'
[2026-01-10 14:44:17] [ERROR] Script ./modules/cpuUsage//main.sh not found for module cpuUsage
[2026-01-10 14:44:25] [INFO] JavaFX GUI finished successfully
[2026-01-10 14:44:25] [INFO] Finished interface module 'graphicInterface'
[2026-01-10 14:44:26] [INFO] Launching interface module 'graphicInterface'
[2026-01-10 14:44:26] [INFO] Launching JavaFX GUI from modular runtime: ./modules/graphicInterface/runtime
[2026-01-10 14:44:27] [INFO] Listing modules with filter='', sort='name'
[2026-01-10 14:44:34] [INFO] Starting module 'diskUsage'
[2026-01-10 14:44:34] [INFO] diskUsage: starting disk usage check
[2026-01-10 14:44:35] [INFO] diskUsage: finished disk usage check
[2026-01-10 14:44:35] [INFO] Finished module 'diskUsage'
[2026-01-10 14:44:47] [ERROR] JavaFX GUI exited with error code 130
[2026-01-10 14:44:47] [INFO] Finished interface module 'graphicInterface'
[2026-01-10 14:44:53] [INFO] Starting module 'diskUsage'
[2026-01-10 14:44:53] [INFO] diskUsage: starting disk usage check
[2026-01-10 14:44:53] [INFO] diskUsage: finished disk usage check
[2026-01-10 14:44:53] [INFO] Finished module 'diskUsage'
[2026-01-10 14:47:22] [INFO] Starting module 'passwordChecker'
[2026-01-10 14:47:22] [INFO] Finished module 'passwordChecker'
[2026-01-10 14:47:38] [INFO] Starting module 'privilegesChecker'
[2026-01-10 14:47:38] [INFO] Finished module 'privilegesChecker'
[2026-01-10 14:49:00] [INFO] Starting module 'majChecker'
[2026-01-10 14:49:00] [INFO] [majChecker] Démarrage du module de vérification des mises à jour...
[2026-01-10 14:49:00] [INFO] [majChecker] Gestionnaire détecté : apt
[2026-01-10 14:49:00] [INFO] [majChecker] Nombre de mises à jour disponibles : 1598
[2026-01-10 14:49:00] [INFO] [majChecker] Vérification terminée avec un score de 1/5
[2026-01-10 14:49:00] [INFO] Finished module 'majChecker'
[2026-01-10 19:16:06] [INFO] Launching interface module 'graphicInterface'
[2026-01-10 19:16:06] [INFO] Launching JavaFX GUI from modular runtime: ./modules/graphicInterface/runtime
[2026-01-10 19:16:07] [INFO] Listing modules with filter='', sort='name'
[2026-01-10 19:16:12] [INFO] Starting module 'cpuUsage'
[2026-01-10 19:16:12] [INFO] [cpuUsage] Démarrage du module de vérification CPU...
[2026-01-10 19:16:13] [INFO] [cpuUsage] CPU utilisé : 100%
[2026-01-10 19:16:13] [INFO] [cpuUsage] Vérification terminée avec un score de 1/5
[2026-01-10 19:16:13] [INFO] Finished module 'cpuUsage'
[2026-01-10 19:16:16] [INFO] JavaFX GUI finished successfully
[2026-01-10 19:16:16] [INFO] Finished interface module 'graphicInterface'
[2026-01-10 19:22:33] [INFO] Launching interface module 'graphicInterface'
[2026-01-10 19:22:33] [INFO] Launching JavaFX GUI from modular runtime: ./modules/graphicInterface/runtime
[2026-01-10 19:22:35] [INFO] Listing modules with filter='', sort='name'
[2026-01-10 19:22:40] [INFO] Starting module 'antivirusChecker'
[2026-01-10 19:22:40] [INFO] [antivirusChecker] Démarrage du module de vérification de l'antivirus...
[2026-01-10 19:22:40] [INFO] [antivirusChecker] Système détecté : Linux
[2026-01-10 19:22:40] [WARN] [antivirusChecker] Aucun antivirus détecté.
[2026-01-10 19:22:40] [INFO] [antivirusChecker] Vérification terminée avec un score de 1/5
[2026-01-10 19:22:40] [INFO] Finished module 'antivirusChecker'
[2026-01-10 19:22:43] [INFO] JavaFX GUI finished successfully
[2026-01-10 19:22:43] [INFO] Finished interface module 'graphicInterface'
